Hoi Wiljan,

Succes met je Merge conflicts. Muhhahaha ;P.



























        _








__sdajshdkasdk



-gr. Raoul
